../Core/Src/main.c:92:5:main	8	static
../Core/Src/main.c:148:6:SystemClock_Config	88	static
../Core/Src/main.c:194:13:MX_TIM1_Init	80	static
../Core/Src/main.c:259:13:MX_TIM6_Init	16	static
../Core/Src/main.c:297:13:MX_USART2_UART_Init	8	static
../Core/Src/main.c:328:13:MX_DMA_Init	16	static
../Core/Src/main.c:346:13:MX_GPIO_Init	48	static
../Core/Src/main.c:383:13:send_data_uart	16	static
../Core/Src/main.c:387:6:HAL_UART_RxCpltCallback	16	static
../Core/Src/main.c:425:13:Micro_Delay	16	static
../Core/Src/main.c:429:13:Set_Pin_output	40	static
../Core/Src/main.c:439:13:Set_Pin_Input	40	static
../Core/Src/main.c:448:13:Dht11_Start	8	static
../Core/Src/main.c:461:16:Check_Response	16	static
../Core/Src/main.c:482:16:Dht11_Read	16	static
../Core/Src/main.c:498:13:Dht11_Fct	8	static
../Core/Src/main.c:517:6:Error_Handler	4	static,ignoring_inline_asm
