../Core/Src/main.c:103:5:main	8	static
../Core/Src/main.c:167:6:SystemClock_Config	88	static
../Core/Src/main.c:213:13:MX_TIM1_Init	80	static
../Core/Src/main.c:278:13:MX_TIM6_Init	16	static
../Core/Src/main.c:316:13:MX_USART2_UART_Init	8	static
../Core/Src/main.c:347:13:MX_DMA_Init	16	static
../Core/Src/main.c:365:13:MX_GPIO_Init	48	static
../Core/Src/main.c:402:13:Send_Data_Uart	16	static
../Core/Src/main.c:406:6:HAL_UART_RxCpltCallback	16	static
../Core/Src/main.c:451:13:Micro_Delay	16	static
../Core/Src/main.c:455:13:Set_Pin_Output	40	static
../Core/Src/main.c:465:13:Set_Pin_Input	40	static
../Core/Src/main.c:474:13:Dht11_Start	8	static
../Core/Src/main.c:487:16:Check_Response	16	static
../Core/Src/main.c:508:16:Dht11_Read	16	static
../Core/Src/main.c:524:13:Dht11_Fct	8	static
../Core/Src/main.c:543:6:Error_Handler	4	static,ignoring_inline_asm
